[32mINFO[0m:     [22-02-2025 10:24:02] Set chroma_server_nofile to 65535
[32mINFO[0m:     [22-02-2025 10:24:02] Anonymized telemetry enabled. See                     https://docs.trychroma.com/telemetry for more information.
[36mDEBUG[0m:    [22-02-2025 10:24:02] Starting component System
[36mDEBUG[0m:    [22-02-2025 10:24:02] Starting component OpenTelemetryClient
[36mDEBUG[0m:    [22-02-2025 10:24:02] Starting component SqliteDB
[36mDEBUG[0m:    [22-02-2025 10:24:02] Starting component SimpleQuotaEnforcer
[36mDEBUG[0m:    [22-02-2025 10:24:02] Starting component Posthog
[36mDEBUG[0m:    [22-02-2025 10:24:02] Starting component SimpleRateLimitEnforcer
[36mDEBUG[0m:    [22-02-2025 10:24:02] Starting component LocalSegmentManager
[36mDEBUG[0m:    [22-02-2025 10:24:02] Starting component LocalExecutor
[36mDEBUG[0m:    [22-02-2025 10:24:02] Starting component SegmentAPI
[36mDEBUG[0m:    [22-02-2025 10:24:02] Starting component SimpleAsyncRateLimitEnforcer
[32mINFO[0m:     [22-02-2025 10:24:03] Started server process [[36m75098[0m]
[32mINFO[0m:     [22-02-2025 10:24:03] Waiting for application startup.
[32mINFO[0m:     [22-02-2025 10:24:03] Application startup complete.
[32mINFO[0m:     [22-02-2025 10:24:03] Uvicorn running on [1mhttp://localhost:10060[0m (Press CTRL+C to quit)
[32mINFO[0m:     [22-02-2025 10:29:04] Shutting down
[32mINFO[0m:     [22-02-2025 10:29:04] Waiting for application shutdown.
[36mDEBUG[0m:    [22-02-2025 10:29:04] Stopping component System
[36mDEBUG[0m:    [22-02-2025 10:29:04] Stopping component SegmentAPI
[36mDEBUG[0m:    [22-02-2025 10:29:04] Stopping component LocalExecutor
[36mDEBUG[0m:    [22-02-2025 10:29:04] Stopping component LocalSegmentManager
[36mDEBUG[0m:    [22-02-2025 10:29:04] Stopping component SimpleAsyncRateLimitEnforcer
[36mDEBUG[0m:    [22-02-2025 10:29:04] Stopping component SimpleRateLimitEnforcer
[36mDEBUG[0m:    [22-02-2025 10:29:04] Stopping component Posthog
[36mDEBUG[0m:    [22-02-2025 10:29:04] Stopping component SimpleQuotaEnforcer
[36mDEBUG[0m:    [22-02-2025 10:29:04] Stopping component SqliteDB
[36mDEBUG[0m:    [22-02-2025 10:29:04] Stopping component OpenTelemetryClient
[32mINFO[0m:     [22-02-2025 10:29:04] Application shutdown complete.
[32mINFO[0m:     [22-02-2025 10:29:04] Finished server process [[36m75098[0m]
